name: teeplate
version: 0.1.0

authors:
  - mosop

license: MIT
